// Jest Snapshot v1, https://goo.gl/fbAQLP

exports[`Home renders homepage unchanged 1`] = `
<div>
  <div
    class="flex flex-col items-center justify-center"
  >
    <h1
      class="text-3xl font-medium mt-4"
    >
      Frontend Management System
       
      <span
        class="text-lime-500 font-semibold"
      >
        Homepage
      </span>
    </h1>
    <p>
      This is a proof that NextUI is working :)
    </p>
    <button
      class="z-0 group relative inline-flex items-center justify-center box-border appearance-none select-none whitespace-nowrap font-normal subpixel-antialiased overflow-hidden tap-highlight-transparent outline-none data-[focus-visible=true]:z-10 data-[focus-visible=true]:outline-2 data-[focus-visible=true]:outline-focus data-[focus-visible=true]:outline-offset-2 px-unit-4 min-w-unit-20 h-unit-10 text-small gap-unit-2 rounded-medium [&>svg]:max-w-[theme(spacing.unit-8)] data-[pressed=true]:scale-[0.97] transition-transform-colors-opacity motion-reduce:transition-none bg-primary text-primary-foreground data-[hover=true]:opacity-hover my-4"
      type="button"
    >
      Click Me
    </button>
  </div>
</div>
`;
